// Jest Snapshot v1, https://goo.gl/fbAQLP

exports[`renders without crashing 1`] = `
<DocumentFragment>
  <ion-app>
    <ion-split-pane
      content-id="main"
    >
      <ion-menu
        content-id="main"
      >
        <ion-header>
          <ion-toolbar>
            <ion-title>
              Menu
            </ion-title>
          </ion-toolbar>
        </ion-header>
        <ion-content
          class="outer-content"
        >
          <ion-list>
            <ion-list-header>
              Navigate
            </ion-list-header>
            <ion-menu-toggle
              auto-hide="false"
            >
              <ion-item>
                <ion-icon
                  slot="start"
                />
                <ion-label>
                  Planification
                </ion-label>
              </ion-item>
            </ion-menu-toggle>
            <ion-menu-toggle
              auto-hide="false"
            >
              <ion-item>
                <ion-icon
                  slot="start"
                />
                <ion-label>
                  Assets
                </ion-label>
              </ion-item>
            </ion-menu-toggle>
            <ion-menu-toggle
              auto-hide="false"
            >
              <ion-item>
                <ion-icon
                  slot="start"
                />
                <ion-label>
                  Carte
                </ion-label>
              </ion-item>
            </ion-menu-toggle>
            <ion-menu-toggle
              auto-hide="false"
            >
              <ion-item>
                <ion-icon
                  slot="start"
                />
                <ion-label>
                  APropos
                </ion-label>
              </ion-item>
            </ion-menu-toggle>
          </ion-list>
          <ion-list>
            <ion-list-header>
              Compte
            </ion-list-header>
            <ion-menu-toggle
              auto-hide="false"
            >
              <ion-item>
                <ion-icon
                  slot="start"
                />
                <ion-label>
                  Compte
                </ion-label>
              </ion-item>
            </ion-menu-toggle>
            <ion-menu-toggle
              auto-hide="false"
            >
              <ion-item>
                <ion-icon
                  slot="start"
                />
                <ion-label>
                  Support
                </ion-label>
              </ion-item>
            </ion-menu-toggle>
            <ion-menu-toggle
              auto-hide="false"
            >
              <ion-item>
                <ion-icon
                  slot="start"
                />
                <ion-label>
                  Deconnexion
                </ion-label>
              </ion-item>
            </ion-menu-toggle>
          </ion-list>
          <ion-list>
            <ion-list-header>
              Information
            </ion-list-header>
            <ion-item>
              <ion-icon
                slot="start"
              />
              Information
            </ion-item>
          </ion-list>
        </ion-content>
      </ion-menu>
      <ion-router-outlet
        id="main"
      >
        <div
          style="display: flex; position: absolute; top: 0px; left: 0px; right: 0px; bottom: 0px; flex-direction: column; width: 100%; height: 100%; contain: layout size style;"
        >
          <div
            class="tabs-inner"
            style="position: relative; flex: 1; contain: layout size style;"
          >
            <ion-router-outlet>
              <div
                class="ion-page ion-page-invisible"
              >
                <ion-header>
                  <ion-toolbar
                    color="primary"
                  >
                    <ion-buttons
                      slot="start"
                    >
                      <ion-menu-button />
                    </ion-buttons>
                    <ion-segment>
                      <ion-segment-button
                        value="tous"
                      >
                        Tous
                      </ion-segment-button>
                      <ion-segment-button
                        value="favoris"
                      >
                        Favoris
                      </ion-segment-button>
                    </ion-segment>
                    <ion-buttons
                      slot="end"
                    >
                      <ion-button>
                        <ion-icon
                          slot="icon-only"
                        />
                      </ion-button>
                    </ion-buttons>
                  </ion-toolbar>
                  <ion-toolbar
                    color="primary"
                  >
                    <ion-searchbar
                      placeholder="Recherche"
                    />
                  </ion-toolbar>
                </ion-header>
                <ion-content>
                  <ion-refresher
                    slot="fixed"
                  >
                    <ion-refresher-content />
                  </ion-refresher>
                  <ion-list>
                    <ion-list-header>
                      Aucune notification trouv√©e
                    </ion-list-header>
                  </ion-list>
                  <ion-list
                    style="display: none;"
                  />
                </ion-content>
                <ion-fab
                  horizontal="end"
                  slot="fixed"
                  vertical="bottom"
                >
                  <ion-fab-button>
                    <ion-icon />
                  </ion-fab-button>
                  <ion-fab-list
                    side="top"
                  >
                    <ion-fab-button
                      color="vimeo"
                    >
                      <ion-icon />
                    </ion-fab-button>
                    <ion-fab-button
                      color="google"
                    >
                      <ion-icon />
                    </ion-fab-button>
                    <ion-fab-button
                      color="twitter"
                    >
                      <ion-icon />
                    </ion-fab-button>
                    <ion-fab-button
                      color="facebook"
                    >
                      <ion-icon />
                    </ion-fab-button>
                  </ion-fab-list>
                </ion-fab>
              </div>
            </ion-router-outlet>
          </div>
          <ion-tab-bar
            current-path="/tabs/planification"
            selected-tab="planification"
            slot="bottom"
          >
            <ion-tab-button
              href="/tabs/planification"
              tab="planification"
            >
              <ion-icon />
              <ion-label>
                Planification
              </ion-label>
            </ion-tab-button>
            <ion-tab-button
              href="/tabs/assets"
              tab="assets"
            >
              <ion-icon />
              <ion-label>
                Assets
              </ion-label>
            </ion-tab-button>
            <ion-tab-button
              href="/tabs/map"
              tab="map"
            >
              <ion-icon />
              <ion-label>
                Carte
              </ion-label>
            </ion-tab-button>
            <ion-tab-button
              href="/tabs/apropos"
              tab="apropos"
            >
              <ion-icon />
              <ion-label>
                APropos
              </ion-label>
            </ion-tab-button>
          </ion-tab-bar>
        </div>
      </ion-router-outlet>
    </ion-split-pane>
  </ion-app>
</DocumentFragment>
`;
